// Jest Snapshot v1, https://goo.gl/fbAQLP

exports[`Patients renders components correctly 1`] = `
ShallowWrapper {
  "length": 1,
  Symbol(enzyme.__root__): [Circular],
  Symbol(enzyme.__unrendered__): <Patients />,
  Symbol(enzyme.__renderer__): Object {
    "batchedUpdates": [Function],
    "getNode": [Function],
    "render": [Function],
    "simulateEvent": [Function],
    "unmount": [Function],
  },
  Symbol(enzyme.__node__): Object {
    "instance": null,
    "key": undefined,
    "nodeType": "host",
    "props": Object {
      "children": Array [
        <FlexView
          hAlignContent="left"
          style={
                    Object {
                              "marginLeft": "100px",
                            }
          }
          vAlignContent="center"
>
          <Header
                    header="Patients"
                    id="patient-page"
          />
</FlexView>,
        <FlexView
          style={
                    Object {
                              "height": "50px",
                              "marginLeft": "125px",
                            }
          }
          vAlignContent="center"
>
          <Dropdown
                    baseClassName="Dropdown"
                    onChange={[Function]}
                    options={
                              Array [
                                        "Julian Smith",
                                        "Helen Lopez",
                                        "Charles stock",
                                      ]
                    }
                    placeholder="Search for a patient"
                    value=""
          />
          <div
                    style={
                              Object {
                                        "marginLeft": "80px",
                                      }
                    }
          >
                    <PatientChat />
          </div>
</FlexView>,
      ],
    },
    "ref": null,
    "rendered": Array [
      Object {
        "instance": null,
        "key": undefined,
        "nodeType": "class",
        "props": Object {
          "children": <Header
            header="Patients"
            id="patient-page"
/>,
          "hAlignContent": "left",
          "style": Object {
            "marginLeft": "100px",
          },
          "vAlignContent": "center",
        },
        "ref": null,
        "rendered": Object {
          "instance": null,
          "key": undefined,
          "nodeType": "function",
          "props": Object {
            "header": "Patients",
            "id": "patient-page",
          },
          "ref": null,
          "rendered": null,
          "type": [Function],
        },
        "type": [Function],
      },
      Object {
        "instance": null,
        "key": undefined,
        "nodeType": "class",
        "props": Object {
          "children": Array [
            <Dropdown
              baseClassName="Dropdown"
              onChange={[Function]}
              options={
                            Array [
                                          "Julian Smith",
                                          "Helen Lopez",
                                          "Charles stock",
                                        ]
              }
              placeholder="Search for a patient"
              value=""
/>,
            <div
              style={
                            Object {
                                          "marginLeft": "80px",
                                        }
              }
>
              <PatientChat />
</div>,
          ],
          "style": Object {
            "height": "50px",
            "marginLeft": "125px",
          },
          "vAlignContent": "center",
        },
        "ref": null,
        "rendered": Array [
          Object {
            "instance": null,
            "key": undefined,
            "nodeType": "class",
            "props": Object {
              "baseClassName": "Dropdown",
              "onChange": [Function],
              "options": Array [
                "Julian Smith",
                "Helen Lopez",
                "Charles stock",
              ],
              "placeholder": "Search for a patient",
              "value": "",
            },
            "ref": null,
            "rendered": null,
            "type": [Function],
          },
          Object {
            "instance": null,
            "key": undefined,
            "nodeType": "host",
            "props": Object {
              "children": <PatientChat />,
              "style": Object {
                "marginLeft": "80px",
              },
            },
            "ref": null,
            "rendered": Object {
              "instance": null,
              "key": undefined,
              "nodeType": "class",
              "props": Object {},
              "ref": null,
              "rendered": null,
              "type": [Function],
            },
            "type": "div",
          },
        ],
        "type": [Function],
      },
    ],
    "type": "div",
  },
  Symbol(enzyme.__nodes__): Array [
    Object {
      "instance": null,
      "key": undefined,
      "nodeType": "host",
      "props": Object {
        "children": Array [
          <FlexView
            hAlignContent="left"
            style={
                        Object {
                                    "marginLeft": "100px",
                                  }
            }
            vAlignContent="center"
>
            <Header
                        header="Patients"
                        id="patient-page"
            />
</FlexView>,
          <FlexView
            style={
                        Object {
                                    "height": "50px",
                                    "marginLeft": "125px",
                                  }
            }
            vAlignContent="center"
>
            <Dropdown
                        baseClassName="Dropdown"
                        onChange={[Function]}
                        options={
                                    Array [
                                                "Julian Smith",
                                                "Helen Lopez",
                                                "Charles stock",
                                              ]
                        }
                        placeholder="Search for a patient"
                        value=""
            />
            <div
                        style={
                                    Object {
                                                "marginLeft": "80px",
                                              }
                        }
            >
                        <PatientChat />
            </div>
</FlexView>,
        ],
      },
      "ref": null,
      "rendered": Array [
        Object {
          "instance": null,
          "key": undefined,
          "nodeType": "class",
          "props": Object {
            "children": <Header
              header="Patients"
              id="patient-page"
/>,
            "hAlignContent": "left",
            "style": Object {
              "marginLeft": "100px",
            },
            "vAlignContent": "center",
          },
          "ref": null,
          "rendered": Object {
            "instance": null,
            "key": undefined,
            "nodeType": "function",
            "props": Object {
              "header": "Patients",
              "id": "patient-page",
            },
            "ref": null,
            "rendered": null,
            "type": [Function],
          },
          "type": [Function],
        },
        Object {
          "instance": null,
          "key": undefined,
          "nodeType": "class",
          "props": Object {
            "children": Array [
              <Dropdown
                baseClassName="Dropdown"
                onChange={[Function]}
                options={
                                Array [
                                                "Julian Smith",
                                                "Helen Lopez",
                                                "Charles stock",
                                              ]
                }
                placeholder="Search for a patient"
                value=""
/>,
              <div
                style={
                                Object {
                                                "marginLeft": "80px",
                                              }
                }
>
                <PatientChat />
</div>,
            ],
            "style": Object {
              "height": "50px",
              "marginLeft": "125px",
            },
            "vAlignContent": "center",
          },
          "ref": null,
          "rendered": Array [
            Object {
              "instance": null,
              "key": undefined,
              "nodeType": "class",
              "props": Object {
                "baseClassName": "Dropdown",
                "onChange": [Function],
                "options": Array [
                  "Julian Smith",
                  "Helen Lopez",
                  "Charles stock",
                ],
                "placeholder": "Search for a patient",
                "value": "",
              },
              "ref": null,
              "rendered": null,
              "type": [Function],
            },
            Object {
              "instance": null,
              "key": undefined,
              "nodeType": "host",
              "props": Object {
                "children": <PatientChat />,
                "style": Object {
                  "marginLeft": "80px",
                },
              },
              "ref": null,
              "rendered": Object {
                "instance": null,
                "key": undefined,
                "nodeType": "class",
                "props": Object {},
                "ref": null,
                "rendered": null,
                "type": [Function],
              },
              "type": "div",
            },
          ],
          "type": [Function],
        },
      ],
      "type": "div",
    },
  ],
  Symbol(enzyme.__options__): Object {
    "adapter": ReactSixteenAdapter {
      "options": Object {
        "enableComponentDidUpdateOnSetState": true,
      },
    },
    "disableLifecycleMethods": true,
  },
}
`;

exports[`Patients renders patients from data.jsn 1`] = `undefined`;
