// Jest Snapshot v1, https://goo.gl/fbAQLP

exports[`Patients renders components correctly 1`] = `
ShallowWrapper {
  "length": 1,
  Symbol(enzyme.__root__): [Circular],
  Symbol(enzyme.__unrendered__): <Patients />,
  Symbol(enzyme.__renderer__): Object {
    "batchedUpdates": [Function],
    "getNode": [Function],
    "render": [Function],
    "simulateEvent": [Function],
    "unmount": [Function],
  },
  Symbol(enzyme.__node__): Object {
    "instance": null,
    "key": undefined,
    "nodeType": "host",
    "props": Object {
      "children": Array [
        <Header
          header="Patients"
/>,
        <ul>
          <li>
                     
                    1
                    : 
                    John Smith
                      
          </li>
          <li>
                     
                    2
                    : 
                    Claire Davis
                      
          </li>
          <li>
                     
                    3
                    : 
                    Mary Lopez
                      
          </li>
          <li>
                     
                    4
                    : 
                    Joseph Mull
                      
          </li>
</ul>,
      ],
    },
    "ref": null,
    "rendered": Array [
      Object {
        "instance": null,
        "key": undefined,
        "nodeType": "function",
        "props": Object {
          "header": "Patients",
        },
        "ref": null,
        "rendered": null,
        "type": [Function],
      },
      Object {
        "instance": null,
        "key": undefined,
        "nodeType": "host",
        "props": Object {
          "children": Array [
            <li>
               
              1
              : 
              John Smith
                
</li>,
            <li>
               
              2
              : 
              Claire Davis
                
</li>,
            <li>
               
              3
              : 
              Mary Lopez
                
</li>,
            <li>
               
              4
              : 
              Joseph Mull
                
</li>,
          ],
        },
        "ref": null,
        "rendered": Array [
          Object {
            "instance": null,
            "key": undefined,
            "nodeType": "host",
            "props": Object {
              "children": Array [
                " ",
                1,
                ": ",
                "John Smith",
                "  ",
              ],
            },
            "ref": null,
            "rendered": Array [
              " ",
              1,
              ": ",
              "John Smith",
              "  ",
            ],
            "type": "li",
          },
          Object {
            "instance": null,
            "key": undefined,
            "nodeType": "host",
            "props": Object {
              "children": Array [
                " ",
                2,
                ": ",
                "Claire Davis",
                "  ",
              ],
            },
            "ref": null,
            "rendered": Array [
              " ",
              2,
              ": ",
              "Claire Davis",
              "  ",
            ],
            "type": "li",
          },
          Object {
            "instance": null,
            "key": undefined,
            "nodeType": "host",
            "props": Object {
              "children": Array [
                " ",
                3,
                ": ",
                "Mary Lopez",
                "  ",
              ],
            },
            "ref": null,
            "rendered": Array [
              " ",
              3,
              ": ",
              "Mary Lopez",
              "  ",
            ],
            "type": "li",
          },
          Object {
            "instance": null,
            "key": undefined,
            "nodeType": "host",
            "props": Object {
              "children": Array [
                " ",
                4,
                ": ",
                "Joseph Mull",
                "  ",
              ],
            },
            "ref": null,
            "rendered": Array [
              " ",
              4,
              ": ",
              "Joseph Mull",
              "  ",
            ],
            "type": "li",
          },
        ],
        "type": "ul",
      },
    ],
    "type": "div",
  },
  Symbol(enzyme.__nodes__): Array [
    Object {
      "instance": null,
      "key": undefined,
      "nodeType": "host",
      "props": Object {
        "children": Array [
          <Header
            header="Patients"
/>,
          <ul>
            <li>
                         
                        1
                        : 
                        John Smith
                          
            </li>
            <li>
                         
                        2
                        : 
                        Claire Davis
                          
            </li>
            <li>
                         
                        3
                        : 
                        Mary Lopez
                          
            </li>
            <li>
                         
                        4
                        : 
                        Joseph Mull
                          
            </li>
</ul>,
        ],
      },
      "ref": null,
      "rendered": Array [
        Object {
          "instance": null,
          "key": undefined,
          "nodeType": "function",
          "props": Object {
            "header": "Patients",
          },
          "ref": null,
          "rendered": null,
          "type": [Function],
        },
        Object {
          "instance": null,
          "key": undefined,
          "nodeType": "host",
          "props": Object {
            "children": Array [
              <li>
                 
                1
                : 
                John Smith
                  
</li>,
              <li>
                 
                2
                : 
                Claire Davis
                  
</li>,
              <li>
                 
                3
                : 
                Mary Lopez
                  
</li>,
              <li>
                 
                4
                : 
                Joseph Mull
                  
</li>,
            ],
          },
          "ref": null,
          "rendered": Array [
            Object {
              "instance": null,
              "key": undefined,
              "nodeType": "host",
              "props": Object {
                "children": Array [
                  " ",
                  1,
                  ": ",
                  "John Smith",
                  "  ",
                ],
              },
              "ref": null,
              "rendered": Array [
                " ",
                1,
                ": ",
                "John Smith",
                "  ",
              ],
              "type": "li",
            },
            Object {
              "instance": null,
              "key": undefined,
              "nodeType": "host",
              "props": Object {
                "children": Array [
                  " ",
                  2,
                  ": ",
                  "Claire Davis",
                  "  ",
                ],
              },
              "ref": null,
              "rendered": Array [
                " ",
                2,
                ": ",
                "Claire Davis",
                "  ",
              ],
              "type": "li",
            },
            Object {
              "instance": null,
              "key": undefined,
              "nodeType": "host",
              "props": Object {
                "children": Array [
                  " ",
                  3,
                  ": ",
                  "Mary Lopez",
                  "  ",
                ],
              },
              "ref": null,
              "rendered": Array [
                " ",
                3,
                ": ",
                "Mary Lopez",
                "  ",
              ],
              "type": "li",
            },
            Object {
              "instance": null,
              "key": undefined,
              "nodeType": "host",
              "props": Object {
                "children": Array [
                  " ",
                  4,
                  ": ",
                  "Joseph Mull",
                  "  ",
                ],
              },
              "ref": null,
              "rendered": Array [
                " ",
                4,
                ": ",
                "Joseph Mull",
                "  ",
              ],
              "type": "li",
            },
          ],
          "type": "ul",
        },
      ],
      "type": "div",
    },
  ],
  Symbol(enzyme.__options__): Object {
    "adapter": ReactSixteenAdapter {
      "options": Object {
        "enableComponentDidUpdateOnSetState": true,
      },
    },
    "disableLifecycleMethods": true,
  },
}
`;

exports[`Patients renders patient name and id from data.jsn 1`] = `undefined`;
