// Jest Snapshot v1, https://goo.gl/fbAQLP

exports[`PatientChat renders correctly 1`] = `
ShallowWrapper {
  "length": 1,
  Symbol(enzyme.__root__): [Circular],
  Symbol(enzyme.__unrendered__): <PatientChat />,
  Symbol(enzyme.__renderer__): Object {
    "batchedUpdates": [Function],
    "getNode": [Function],
    "render": [Function],
    "simulateEvent": [Function],
    "unmount": [Function],
  },
  Symbol(enzyme.__node__): Object {
    "instance": null,
    "key": undefined,
    "nodeType": "host",
    "props": Object {
      "children": <div
        className="form-group has-success has-feedback"
>
        <div
                className="col-16"
        >
                <div
                        className="card"
                >
                        <div
                                className="card-title"
                        >
                                <h3>
                                        Messages
                                </h3>
                                <hr />
                                <h4
                                        style={
                                                Object {
                                                        "backgroundColor": "MediumSeaGreen",
                                                      }
                                        }
                                />
                        </div>
                        <div
                                className="messages"
                                style={
                                        Object {
                                                "marginTop": "20px",
                                              }
                                }
                        >
                                
                        </div>
                </div>
                <div
                        className="input-group"
                >
                        <input
                                className="form-control"
                                onChange={[Function]}
                                placeholder="@Message"
                                type="text"
                                value=""
                        />
                        <SubmitButton
                                handleSubmit={[Function]}
                                id="send-msg"
                                name="Send"
                                newClass="btn btn-success"
                        />
                </div>
        </div>
</div>,
      "className": "form-horizontal",
    },
    "ref": null,
    "rendered": Object {
      "instance": null,
      "key": undefined,
      "nodeType": "host",
      "props": Object {
        "children": <div
          className="col-16"
>
          <div
                    className="card"
          >
                    <div
                              className="card-title"
                    >
                              <h3>
                                        Messages
                              </h3>
                              <hr />
                              <h4
                                        style={
                                                  Object {
                                                            "backgroundColor": "MediumSeaGreen",
                                                          }
                                        }
                              />
                    </div>
                    <div
                              className="messages"
                              style={
                                        Object {
                                                  "marginTop": "20px",
                                                }
                              }
                    >
                              
                    </div>
          </div>
          <div
                    className="input-group"
          >
                    <input
                              className="form-control"
                              onChange={[Function]}
                              placeholder="@Message"
                              type="text"
                              value=""
                    />
                    <SubmitButton
                              handleSubmit={[Function]}
                              id="send-msg"
                              name="Send"
                              newClass="btn btn-success"
                    />
          </div>
</div>,
        "className": "form-group has-success has-feedback",
      },
      "ref": null,
      "rendered": Object {
        "instance": null,
        "key": undefined,
        "nodeType": "host",
        "props": Object {
          "children": Array [
            <div
              className="card"
>
              <div
                            className="card-title"
              >
                            <h3>
                                          Messages
                            </h3>
                            <hr />
                            <h4
                                          style={
                                                        Object {
                                                                      "backgroundColor": "MediumSeaGreen",
                                                                    }
                                          }
                            />
              </div>
              <div
                            className="messages"
                            style={
                                          Object {
                                                        "marginTop": "20px",
                                                      }
                            }
              >
                            
              </div>
</div>,
            <div
              className="input-group"
>
              <input
                            className="form-control"
                            onChange={[Function]}
                            placeholder="@Message"
                            type="text"
                            value=""
              />
              <SubmitButton
                            handleSubmit={[Function]}
                            id="send-msg"
                            name="Send"
                            newClass="btn btn-success"
              />
</div>,
          ],
          "className": "col-16",
        },
        "ref": null,
        "rendered": Array [
          Object {
            "instance": null,
            "key": undefined,
            "nodeType": "host",
            "props": Object {
              "children": Array [
                <div
                  className="card-title"
>
                  <h3>
                                    Messages
                  </h3>
                  <hr />
                  <h4
                                    style={
                                                      Object {
                                                                        "backgroundColor": "MediumSeaGreen",
                                                                      }
                                    }
                  />
</div>,
                <div
                  className="messages"
                  style={
                                    Object {
                                                      "marginTop": "20px",
                                                    }
                  }
>
                  
</div>,
              ],
              "className": "card",
            },
            "ref": null,
            "rendered": Array [
              Object {
                "instance": null,
                "key": undefined,
                "nodeType": "host",
                "props": Object {
                  "children": Array [
                    <h3>
                      Messages
</h3>,
                    <hr />,
                    <h4
                      style={
                                            Object {
                                                                  "backgroundColor": "MediumSeaGreen",
                                                                }
                      }
/>,
                  ],
                  "className": "card-title",
                },
                "ref": null,
                "rendered": Array [
                  Object {
                    "instance": null,
                    "key": undefined,
                    "nodeType": "host",
                    "props": Object {
                      "children": "Messages",
                    },
                    "ref": null,
                    "rendered": "Messages",
                    "type": "h3",
                  },
                  Object {
                    "instance": null,
                    "key": undefined,
                    "nodeType": "host",
                    "props": Object {},
                    "ref": null,
                    "rendered": null,
                    "type": "hr",
                  },
                  Object {
                    "instance": null,
                    "key": undefined,
                    "nodeType": "host",
                    "props": Object {
                      "children": undefined,
                      "style": Object {
                        "backgroundColor": "MediumSeaGreen",
                      },
                    },
                    "ref": null,
                    "rendered": null,
                    "type": "h4",
                  },
                ],
                "type": "div",
              },
              Object {
                "instance": null,
                "key": undefined,
                "nodeType": "host",
                "props": Object {
                  "children": Array [],
                  "className": "messages",
                  "style": Object {
                    "marginTop": "20px",
                  },
                },
                "ref": null,
                "rendered": Array [],
                "type": "div",
              },
            ],
            "type": "div",
          },
          Object {
            "instance": null,
            "key": undefined,
            "nodeType": "host",
            "props": Object {
              "children": Array [
                <input
                  className="form-control"
                  onChange={[Function]}
                  placeholder="@Message"
                  type="text"
                  value=""
/>,
                <SubmitButton
                  handleSubmit={[Function]}
                  id="send-msg"
                  name="Send"
                  newClass="btn btn-success"
/>,
              ],
              "className": "input-group",
            },
            "ref": null,
            "rendered": Array [
              Object {
                "instance": null,
                "key": undefined,
                "nodeType": "host",
                "props": Object {
                  "className": "form-control",
                  "onChange": [Function],
                  "placeholder": "@Message",
                  "type": "text",
                  "value": "",
                },
                "ref": null,
                "rendered": null,
                "type": "input",
              },
              Object {
                "instance": null,
                "key": undefined,
                "nodeType": "function",
                "props": Object {
                  "handleSubmit": [Function],
                  "id": "send-msg",
                  "name": "Send",
                  "newClass": "btn btn-success",
                },
                "ref": null,
                "rendered": null,
                "type": [Function],
              },
            ],
            "type": "div",
          },
        ],
        "type": "div",
      },
      "type": "div",
    },
    "type": "div",
  },
  Symbol(enzyme.__nodes__): Array [
    Object {
      "instance": null,
      "key": undefined,
      "nodeType": "host",
      "props": Object {
        "children": <div
          className="form-group has-success has-feedback"
>
          <div
                    className="col-16"
          >
                    <div
                              className="card"
                    >
                              <div
                                        className="card-title"
                              >
                                        <h3>
                                                  Messages
                                        </h3>
                                        <hr />
                                        <h4
                                                  style={
                                                            Object {
                                                                      "backgroundColor": "MediumSeaGreen",
                                                                    }
                                                  }
                                        />
                              </div>
                              <div
                                        className="messages"
                                        style={
                                                  Object {
                                                            "marginTop": "20px",
                                                          }
                                        }
                              >
                                        
                              </div>
                    </div>
                    <div
                              className="input-group"
                    >
                              <input
                                        className="form-control"
                                        onChange={[Function]}
                                        placeholder="@Message"
                                        type="text"
                                        value=""
                              />
                              <SubmitButton
                                        handleSubmit={[Function]}
                                        id="send-msg"
                                        name="Send"
                                        newClass="btn btn-success"
                              />
                    </div>
          </div>
</div>,
        "className": "form-horizontal",
      },
      "ref": null,
      "rendered": Object {
        "instance": null,
        "key": undefined,
        "nodeType": "host",
        "props": Object {
          "children": <div
            className="col-16"
>
            <div
                        className="card"
            >
                        <div
                                    className="card-title"
                        >
                                    <h3>
                                                Messages
                                    </h3>
                                    <hr />
                                    <h4
                                                style={
                                                            Object {
                                                                        "backgroundColor": "MediumSeaGreen",
                                                                      }
                                                }
                                    />
                        </div>
                        <div
                                    className="messages"
                                    style={
                                                Object {
                                                            "marginTop": "20px",
                                                          }
                                    }
                        >
                                    
                        </div>
            </div>
            <div
                        className="input-group"
            >
                        <input
                                    className="form-control"
                                    onChange={[Function]}
                                    placeholder="@Message"
                                    type="text"
                                    value=""
                        />
                        <SubmitButton
                                    handleSubmit={[Function]}
                                    id="send-msg"
                                    name="Send"
                                    newClass="btn btn-success"
                        />
            </div>
</div>,
          "className": "form-group has-success has-feedback",
        },
        "ref": null,
        "rendered": Object {
          "instance": null,
          "key": undefined,
          "nodeType": "host",
          "props": Object {
            "children": Array [
              <div
                className="card"
>
                <div
                                className="card-title"
                >
                                <h3>
                                                Messages
                                </h3>
                                <hr />
                                <h4
                                                style={
                                                                Object {
                                                                                "backgroundColor": "MediumSeaGreen",
                                                                              }
                                                }
                                />
                </div>
                <div
                                className="messages"
                                style={
                                                Object {
                                                                "marginTop": "20px",
                                                              }
                                }
                >
                                
                </div>
</div>,
              <div
                className="input-group"
>
                <input
                                className="form-control"
                                onChange={[Function]}
                                placeholder="@Message"
                                type="text"
                                value=""
                />
                <SubmitButton
                                handleSubmit={[Function]}
                                id="send-msg"
                                name="Send"
                                newClass="btn btn-success"
                />
</div>,
            ],
            "className": "col-16",
          },
          "ref": null,
          "rendered": Array [
            Object {
              "instance": null,
              "key": undefined,
              "nodeType": "host",
              "props": Object {
                "children": Array [
                  <div
                    className="card-title"
>
                    <h3>
                                        Messages
                    </h3>
                    <hr />
                    <h4
                                        style={
                                                            Object {
                                                                                "backgroundColor": "MediumSeaGreen",
                                                                              }
                                        }
                    />
</div>,
                  <div
                    className="messages"
                    style={
                                        Object {
                                                            "marginTop": "20px",
                                                          }
                    }
>
                    
</div>,
                ],
                "className": "card",
              },
              "ref": null,
              "rendered": Array [
                Object {
                  "instance": null,
                  "key": undefined,
                  "nodeType": "host",
                  "props": Object {
                    "children": Array [
                      <h3>
                        Messages
</h3>,
                      <hr />,
                      <h4
                        style={
                                                Object {
                                                                        "backgroundColor": "MediumSeaGreen",
                                                                      }
                        }
/>,
                    ],
                    "className": "card-title",
                  },
                  "ref": null,
                  "rendered": Array [
                    Object {
                      "instance": null,
                      "key": undefined,
                      "nodeType": "host",
                      "props": Object {
                        "children": "Messages",
                      },
                      "ref": null,
                      "rendered": "Messages",
                      "type": "h3",
                    },
                    Object {
                      "instance": null,
                      "key": undefined,
                      "nodeType": "host",
                      "props": Object {},
                      "ref": null,
                      "rendered": null,
                      "type": "hr",
                    },
                    Object {
                      "instance": null,
                      "key": undefined,
                      "nodeType": "host",
                      "props": Object {
                        "children": undefined,
                        "style": Object {
                          "backgroundColor": "MediumSeaGreen",
                        },
                      },
                      "ref": null,
                      "rendered": null,
                      "type": "h4",
                    },
                  ],
                  "type": "div",
                },
                Object {
                  "instance": null,
                  "key": undefined,
                  "nodeType": "host",
                  "props": Object {
                    "children": Array [],
                    "className": "messages",
                    "style": Object {
                      "marginTop": "20px",
                    },
                  },
                  "ref": null,
                  "rendered": Array [],
                  "type": "div",
                },
              ],
              "type": "div",
            },
            Object {
              "instance": null,
              "key": undefined,
              "nodeType": "host",
              "props": Object {
                "children": Array [
                  <input
                    className="form-control"
                    onChange={[Function]}
                    placeholder="@Message"
                    type="text"
                    value=""
/>,
                  <SubmitButton
                    handleSubmit={[Function]}
                    id="send-msg"
                    name="Send"
                    newClass="btn btn-success"
/>,
                ],
                "className": "input-group",
              },
              "ref": null,
              "rendered": Array [
                Object {
                  "instance": null,
                  "key": undefined,
                  "nodeType": "host",
                  "props": Object {
                    "className": "form-control",
                    "onChange": [Function],
                    "placeholder": "@Message",
                    "type": "text",
                    "value": "",
                  },
                  "ref": null,
                  "rendered": null,
                  "type": "input",
                },
                Object {
                  "instance": null,
                  "key": undefined,
                  "nodeType": "function",
                  "props": Object {
                    "handleSubmit": [Function],
                    "id": "send-msg",
                    "name": "Send",
                    "newClass": "btn btn-success",
                  },
                  "ref": null,
                  "rendered": null,
                  "type": [Function],
                },
              ],
              "type": "div",
            },
          ],
          "type": "div",
        },
        "type": "div",
      },
      "type": "div",
    },
  ],
  Symbol(enzyme.__options__): Object {
    "adapter": ReactSixteenAdapter {
      "options": Object {
        "enableComponentDidUpdateOnSetState": true,
      },
    },
    "disableLifecycleMethods": true,
  },
}
`;
